[0.252s] DEBUG:colcon:Command line arguments: ['/usr/bin/colcon', 'build']
[0.252s] DEBUG:colcon:Parsed command line arguments: Namespace(log_base=None, log_level=None, verb_name='build', build_base='build', install_base='install', merge_install=False, symlink_install=False, test_result_base=None, continue_on_error=False, executor='parallel', parallel_workers=6, event_handlers=None, ignore_user_meta=False, metas=['./colcon.meta'], base_paths=['.'], packages_ignore=None, packages_ignore_regex=None, paths=None, packages_up_to=None, packages_up_to_regex=None, packages_above=None, packages_above_and_dependencies=None, packages_above_depth=None, packages_select_by_dep=None, packages_skip_by_dep=None, packages_skip_up_to=None, packages_select_build_failed=False, packages_skip_build_finished=False, packages_select_test_failures=False, packages_skip_test_passed=False, packages_select=None, packages_skip=None, packages_select_regex=None, packages_skip_regex=None, packages_start=None, packages_end=None, allow_overriding=[], cmake_args=None, cmake_target=None, cmake_target_skip_unavailable=False, cmake_clean_cache=False, cmake_clean_first=False, cmake_force_configure=False, ament_cmake_args=None, catkin_cmake_args=None, catkin_skip_building_tests=False, mixin_files=None, mixin=None, verb_parser=<colcon_mixin.mixin.mixin_argument.MixinArgumentDecorator object at 0xffff870aed40>, verb_extension=<colcon_core.verb.build.BuildVerb object at 0xffff870ae7d0>, main=<bound method BuildVerb.main of <colcon_core.verb.build.BuildVerb object at 0xffff870ae7d0>>, mixin_verb=('build',))
[0.631s] Level 1:colcon.colcon_core.package_discovery:discover_packages(colcon_meta) check parameters
[0.631s] Level 1:colcon.colcon_core.package_discovery:discover_packages(recursive) check parameters
[0.631s] Level 1:colcon.colcon_core.package_discovery:discover_packages(ignore) check parameters
[0.631s] Level 1:colcon.colcon_core.package_discovery:discover_packages(path) check parameters
[0.631s] Level 1:colcon.colcon_core.package_discovery:discover_packages(colcon_meta) discover
[0.632s] Level 1:colcon.colcon_core.package_discovery:discover_packages(recursive) discover
[0.632s] INFO:colcon.colcon_core.package_discovery:Crawling recursively for packages in '/home/jetson/vmf'
[0.632s] Level 1:colcon.colcon_core.package_identification:_identify(.) by extensions ['ignore', 'ignore_ament_install']
[0.632s] Level 1:colcon.colcon_core.package_identification:_identify(.) by extension 'ignore'
[0.632s] Level 1:colcon.colcon_core.package_identification:_identify(.) by extension 'ignore_ament_install'
[0.632s] Level 1:colcon.colcon_core.package_identification:_identify(.) by extensions ['colcon_pkg']
[0.632s] Level 1:colcon.colcon_core.package_identification:_identify(.) by extension 'colcon_pkg'
[0.633s] Level 1:colcon.colcon_core.package_identification:_identify(.) by extensions ['colcon_meta']
[0.633s] Level 1:colcon.colcon_core.package_identification:_identify(.) by extension 'colcon_meta'
[0.633s] Level 1:colcon.colcon_core.package_identification:_identify(.) by extensions ['ros']
[0.633s] Level 1:colcon.colcon_core.package_identification:_identify(.) by extension 'ros'
[0.659s] DEBUG:colcon.colcon_core.package_identification:Package '.' with type 'ros.ament_python' and name 'robot_grasping'
[0.659s] Level 1:colcon.colcon_core.package_discovery:discover_packages(recursive) using defaults
[0.659s] Level 1:colcon.colcon_core.package_discovery:discover_packages(ignore) discover
[0.659s] Level 1:colcon.colcon_core.package_discovery:discover_packages(ignore) using defaults
[0.659s] Level 1:colcon.colcon_core.package_discovery:discover_packages(path) discover
[0.659s] Level 1:colcon.colcon_core.package_discovery:discover_packages(path) using defaults
[0.727s] Level 1:colcon.colcon_core.package_discovery:discover_packages(prefix_path) check parameters
[0.727s] Level 1:colcon.colcon_core.package_discovery:discover_packages(prefix_path) discover
[0.733s] DEBUG:colcon.colcon_installed_package_information.package_discovery:Found 359 installed packages in /opt/ros/humble
[0.736s] Level 1:colcon.colcon_core.package_discovery:discover_packages(prefix_path) using defaults
[0.823s] Level 5:colcon.colcon_core.verb:set package 'robot_grasping' build argument 'cmake_args' from command line to 'None'
[0.823s] Level 5:colcon.colcon_core.verb:set package 'robot_grasping' build argument 'cmake_target' from command line to 'None'
[0.823s] Level 5:colcon.colcon_core.verb:set package 'robot_grasping' build argument 'cmake_target_skip_unavailable' from command line to 'False'
[0.823s] Level 5:colcon.colcon_core.verb:set package 'robot_grasping' build argument 'cmake_clean_cache' from command line to 'False'
[0.823s] Level 5:colcon.colcon_core.verb:set package 'robot_grasping' build argument 'cmake_clean_first' from command line to 'False'
[0.823s] Level 5:colcon.colcon_core.verb:set package 'robot_grasping' build argument 'cmake_force_configure' from command line to 'False'
[0.823s] Level 5:colcon.colcon_core.verb:set package 'robot_grasping' build argument 'ament_cmake_args' from command line to 'None'
[0.823s] Level 5:colcon.colcon_core.verb:set package 'robot_grasping' build argument 'catkin_cmake_args' from command line to 'None'
[0.823s] Level 5:colcon.colcon_core.verb:set package 'robot_grasping' build argument 'catkin_skip_building_tests' from command line to 'False'
[0.823s] DEBUG:colcon.colcon_core.verb:Building package 'robot_grasping' with the following arguments: {'ament_cmake_args': None, 'build_base': '/home/jetson/vmf/build/robot_grasping', 'catkin_cmake_args': None, 'catkin_skip_building_tests': False, 'cmake_args': None, 'cmake_clean_cache': False, 'cmake_clean_first': False, 'cmake_force_configure': False, 'cmake_target': None, 'cmake_target_skip_unavailable': False, 'install_base': '/home/jetson/vmf/install/robot_grasping', 'merge_install': False, 'path': '/home/jetson/vmf', 'symlink_install': False, 'test_result_base': None}
[0.824s] INFO:colcon.colcon_core.executor:Executing jobs using 'parallel' executor
[0.826s] DEBUG:colcon.colcon_parallel_executor.executor.parallel:run_until_complete
[0.826s] INFO:colcon.colcon_ros.task.ament_python.build:Building ROS package in '/home/jetson/vmf' with build type 'ament_python'
[0.826s] Level 1:colcon.colcon_core.shell:create_environment_hook('robot_grasping', 'ament_prefix_path')
[0.832s] INFO:colcon.colcon_core.plugin_system:Skipping extension 'colcon_core.shell.bat': Not used on non-Windows systems
[0.832s] INFO:colcon.colcon_core.shell:Creating environment hook '/home/jetson/vmf/install/robot_grasping/share/robot_grasping/hook/ament_prefix_path.ps1'
[0.834s] INFO:colcon.colcon_core.shell:Creating environment descriptor '/home/jetson/vmf/install/robot_grasping/share/robot_grasping/hook/ament_prefix_path.dsv'
[0.835s] INFO:colcon.colcon_core.shell:Creating environment hook '/home/jetson/vmf/install/robot_grasping/share/robot_grasping/hook/ament_prefix_path.sh'
[0.836s] INFO:colcon.colcon_core.shell:Skip shell extension 'powershell' for command environment: Not usable outside of PowerShell
[0.836s] DEBUG:colcon.colcon_core.shell:Skip shell extension 'dsv' for command environment
[1.366s] INFO:colcon.colcon_core.task.python.build:Building Python package in '/home/jetson/vmf'
[1.367s] INFO:colcon.colcon_core.shell:Skip shell extension 'powershell' for command environment: Not usable outside of PowerShell
[1.367s] DEBUG:colcon.colcon_core.shell:Skip shell extension 'dsv' for command environment
[2.172s] DEBUG:colcon.colcon_core.event_handler.log_command:Invoking command in '/home/jetson/vmf': PYTHONPATH=/home/jetson/vmf/build/robot_grasping/prefix_override:/usr/lib/python3/dist-packages/colcon_core/task/python/colcon_distutils_commands:/home/jetson/vmf/install/robot_grasping/lib/python3.10/site-packages:${PYTHONPATH} /usr/bin/python3 -W ignore:setup.py install is deprecated -W ignore:easy_install command is deprecated setup.py egg_info --egg-base build/robot_grasping build --build-base /home/jetson/vmf/build/robot_grasping/build install --record /home/jetson/vmf/build/robot_grasping/install.log --single-version-externally-managed install_data
[3.807s] DEBUG:colcon.colcon_core.event_handler.log_command:Invoked command in '/home/jetson/vmf' returned '0': PYTHONPATH=/home/jetson/vmf/build/robot_grasping/prefix_override:/usr/lib/python3/dist-packages/colcon_core/task/python/colcon_distutils_commands:/home/jetson/vmf/install/robot_grasping/lib/python3.10/site-packages:${PYTHONPATH} /usr/bin/python3 -W ignore:setup.py install is deprecated -W ignore:easy_install command is deprecated setup.py egg_info --egg-base build/robot_grasping build --build-base /home/jetson/vmf/build/robot_grasping/build install --record /home/jetson/vmf/build/robot_grasping/install.log --single-version-externally-managed install_data
[3.812s] Level 1:colcon.colcon_core.environment:checking '/home/jetson/vmf/install/robot_grasping' for CMake module files
[3.813s] Level 1:colcon.colcon_core.environment:checking '/home/jetson/vmf/install/robot_grasping' for CMake config files
[3.822s] Level 1:colcon.colcon_core.environment:checking '/home/jetson/vmf/install/robot_grasping/lib'
[3.823s] Level 1:colcon.colcon_core.environment:checking '/home/jetson/vmf/install/robot_grasping/bin'
[3.823s] Level 1:colcon.colcon_core.environment:checking '/home/jetson/vmf/install/robot_grasping/lib/pkgconfig/robot_grasping.pc'
[3.823s] Level 1:colcon.colcon_core.environment:checking '/home/jetson/vmf/install/robot_grasping/lib/python3.10/site-packages'
[3.823s] Level 1:colcon.colcon_core.shell:create_environment_hook('robot_grasping', 'pythonpath')
[3.824s] INFO:colcon.colcon_core.shell:Creating environment hook '/home/jetson/vmf/install/robot_grasping/share/robot_grasping/hook/pythonpath.ps1'
[3.825s] INFO:colcon.colcon_core.shell:Creating environment descriptor '/home/jetson/vmf/install/robot_grasping/share/robot_grasping/hook/pythonpath.dsv'
[3.826s] INFO:colcon.colcon_core.shell:Creating environment hook '/home/jetson/vmf/install/robot_grasping/share/robot_grasping/hook/pythonpath.sh'
[3.828s] Level 1:colcon.colcon_core.environment:checking '/home/jetson/vmf/install/robot_grasping/bin'
[3.828s] Level 1:colcon.colcon_core.environment:create_environment_scripts_only(robot_grasping)
[3.828s] INFO:colcon.colcon_core.shell:Creating package script '/home/jetson/vmf/install/robot_grasping/share/robot_grasping/package.ps1'
[3.830s] INFO:colcon.colcon_core.shell:Creating package descriptor '/home/jetson/vmf/install/robot_grasping/share/robot_grasping/package.dsv'
[3.832s] INFO:colcon.colcon_core.shell:Creating package script '/home/jetson/vmf/install/robot_grasping/share/robot_grasping/package.sh'
[3.833s] INFO:colcon.colcon_core.shell:Creating package script '/home/jetson/vmf/install/robot_grasping/share/robot_grasping/package.bash'
[3.835s] INFO:colcon.colcon_core.shell:Creating package script '/home/jetson/vmf/install/robot_grasping/share/robot_grasping/package.zsh'
[3.836s] Level 1:colcon.colcon_core.environment:create_file_with_runtime_dependencies(/home/jetson/vmf/install/robot_grasping/share/colcon-core/packages/robot_grasping)
[3.838s] DEBUG:colcon.colcon_parallel_executor.executor.parallel:closing loop
[3.838s] DEBUG:colcon.colcon_parallel_executor.executor.parallel:loop closed
[3.838s] DEBUG:colcon.colcon_parallel_executor.executor.parallel:run_until_complete finished with '0'
[3.838s] DEBUG:colcon.colcon_core.event_reactor:joining thread
[3.852s] INFO:colcon.colcon_core.plugin_system:Skipping extension 'colcon_notification.desktop_notification.terminal_notifier': Not used on non-Darwin systems
[3.852s] INFO:colcon.colcon_core.plugin_system:Skipping extension 'colcon_notification.desktop_notification.win32': Not used on non-Windows systems
[3.852s] INFO:colcon.colcon_notification.desktop_notification:Sending desktop notification using 'notify2'
[3.910s] DEBUG:colcon.colcon_core.event_reactor:joined thread
[3.911s] INFO:colcon.colcon_core.shell:Creating prefix script '/home/jetson/vmf/install/local_setup.ps1'
[3.913s] INFO:colcon.colcon_core.shell:Creating prefix util module '/home/jetson/vmf/install/_local_setup_util_ps1.py'
[3.916s] INFO:colcon.colcon_core.shell:Creating prefix chain script '/home/jetson/vmf/install/setup.ps1'
[3.919s] INFO:colcon.colcon_core.shell:Creating prefix script '/home/jetson/vmf/install/local_setup.sh'
[3.921s] INFO:colcon.colcon_core.shell:Creating prefix util module '/home/jetson/vmf/install/_local_setup_util_sh.py'
[3.923s] INFO:colcon.colcon_core.shell:Creating prefix chain script '/home/jetson/vmf/install/setup.sh'
[3.926s] INFO:colcon.colcon_core.shell:Creating prefix script '/home/jetson/vmf/install/local_setup.bash'
[3.928s] INFO:colcon.colcon_core.shell:Creating prefix chain script '/home/jetson/vmf/install/setup.bash'
[3.932s] INFO:colcon.colcon_core.shell:Creating prefix script '/home/jetson/vmf/install/local_setup.zsh'
[3.934s] INFO:colcon.colcon_core.shell:Creating prefix chain script '/home/jetson/vmf/install/setup.zsh'
